/home/bahadir/BahadirAydin/Akademi/CENG334/operating-systems-hw/hw1/test
input
lorem_ipsum.txt
Makefile
output
test.sh

